[INFO] Scanning for projects...
[INFO] 
[INFO] --------------< com.fintrack:fintrack-gestion-documents >---------------
[INFO] Building FinTrack - Gestion Documents 1.0.0
[INFO]   from pom.xml
[INFO] --------------------------------[ jar ]---------------------------------
[WARNING] 6 problems were encountered while building the effective model for org.openjfx:javafx-controls:jar:21.0.2 during dependency collection step for project (use -X to see details)
[WARNING] The artifact mysql:mysql-connector-java:jar:8.0.33 has been relocated to com.mysql:mysql-connector-j:jar:8.0.33: MySQL Connector/J artifacts moved to reverse-DNS compliant Maven 2+ coordinates.
[INFO] 
[INFO] --- clean:3.2.0:clean (default-clean) @ fintrack-gestion-documents ---
[INFO] Deleting C:\Users\MSI\IdeaProjects\fintrack-gestion-documents\target
[INFO] 
[INFO] --- resources:3.3.1:resources (default-resources) @ fintrack-gestion-documents ---
[INFO] Copying 16 resources from src\main\resources to target\classes
[INFO] 
[INFO] --- compiler:3.11.0:compile (default-compile) @ fintrack-gestion-documents ---
[INFO] Changes detected - recompiling the module! :source
[INFO] Compiling 38 source files with javac [debug target 11] to target\classes
[INFO] /C:/Users/MSI/IdeaProjects/fintrack-gestion-documents/src/main/java/Services/ServiceTraduction.java: C:\Users\MSI\IdeaProjects\fintrack-gestion-documents\src\main\java\Services\ServiceTraduction.java uses or overrides a deprecated API.
[INFO] /C:/Users/MSI/IdeaProjects/fintrack-gestion-documents/src/main/java/Services/ServiceTraduction.java: Recompile with -Xlint:deprecation for details.
[INFO] -------------------------------------------------------------
[WARNING] COMPILATION WARNING : 
[INFO] -------------------------------------------------------------
[WARNING] location of system modules is not set in conjunction with -source 11
  not setting the location of system modules may lead to class files that cannot run on JDK 11
    --release 11 is recommended instead of -source 11 -target 11 because it sets the location of system modules automatically
[INFO] 1 warning
[INFO] -------------------------------------------------------------
[INFO] -------------------------------------------------------------
[ERROR] COMPILATION ERROR : 
[INFO] -------------------------------------------------------------
[ERROR] /C:/Users/MSI/IdeaProjects/fintrack-gestion-documents/src/main/java/Controllers/EcheanceDashboardController.java:[48,32] unreported exception java.sql.SQLException; must be caught or declared to be thrown
[ERROR] /C:/Users/MSI/IdeaProjects/fintrack-gestion-documents/src/main/java/Controllers/EcheanceDashboardController.java:[58,11] exception java.sql.SQLException is never thrown in body of corresponding try statement
[INFO] 2 errors 
[INFO] -------------------------------------------------------------
[INFO] ------------------------------------------------------------------------
[INFO] BUILD FAILURE
[INFO] ------------------------------------------------------------------------
[INFO] Total time:  3.120 s
[INFO] Finished at: 2026-02-28T23:03:59+01:00
[INFO] ------------------------------------------------------------------------
[ERROR] Failed to execute goal org.apache.maven.plugins:maven-compiler-plugin:3.11.0:compile (default-compile) on project fintrack-gestion-documents: Compilation failure: Compilation failure: 
[ERROR] /C:/Users/MSI/IdeaProjects/fintrack-gestion-documents/src/main/java/Controllers/EcheanceDashboardController.java:[48,32] unreported exception java.sql.SQLException; must be caught or declared to be thrown
[ERROR] /C:/Users/MSI/IdeaProjects/fintrack-gestion-documents/src/main/java/Controllers/EcheanceDashboardController.java:[58,11] exception java.sql.SQLException is never thrown in body of corresponding try statement
[ERROR] -> [Help 1]
[ERROR] 
[ERROR] To see the full stack trace of the errors, re-run Maven with the -e switch.
[ERROR] Re-run Maven using the -X switch to enable full debug logging.
[ERROR] 
[ERROR] For more information about the errors and possible solutions, please read the following articles:
[ERROR] [Help 1] http://cwiki.apache.org/confluence/display/MAVEN/MojoFailureException
