[INFO] Scanning for projects...
[INFO] 
[INFO] --------------< com.fintrack:fintrack-gestion-documents >---------------
[INFO] Building FinTrack - Gestion Documents 1.0.0
[INFO]   from pom.xml
[INFO] --------------------------------[ jar ]---------------------------------
[WARNING] 6 problems were encountered while building the effective model for org.openjfx:javafx-controls:jar:21.0.2 during dependency collection step for project (use -X to see details)
[INFO] 
[INFO] --- clean:3.2.0:clean (default-clean) @ fintrack-gestion-documents ---
[INFO] Deleting C:\Users\MSI\IdeaProjects\fintrack-gestion-documents\target
[INFO] 
[INFO] --- resources:3.3.1:resources (default-resources) @ fintrack-gestion-documents ---
[INFO] Copying 12 resources from src\main\resources to target\classes
[INFO] 
[INFO] --- compiler:3.13.0:compile (default-compile) @ fintrack-gestion-documents ---
[INFO] Recompiling the module because of changed source code.
[INFO] Compiling 25 source files with javac [debug target 17] to target\classes
[INFO] Some messages have been simplified; recompile with -Xdiags:verbose to get full output
[INFO] -------------------------------------------------------------
[WARNING] COMPILATION WARNING : 
[INFO] -------------------------------------------------------------
[WARNING] location of system modules is not set in conjunction with -source 17
  not setting the location of system modules may lead to class files that cannot run on JDK 17
    --release 17 is recommended instead of -source 17 -target 17 because it sets the location of system modules automatically
[INFO] 1 warning
[INFO] -------------------------------------------------------------
[INFO] -------------------------------------------------------------
[ERROR] COMPILATION ERROR : 
[INFO] -------------------------------------------------------------
[ERROR] /C:/Users/MSI/IdeaProjects/fintrack-gestion-documents/src/main/java/Controllers/CategorieListCell.java:[74,13] cannot find symbol
  symbol:   variable DeleteConfirmationDialog
  location: class Controllers.CategorieListCell
[ERROR] /C:/Users/MSI/IdeaProjects/fintrack-gestion-documents/src/main/java/Controllers/Dialogs/DeleteConfirmationDialog.java:[22,24] cannot find symbol
  symbol:   variable auto
  location: class Controllers.Dialogs.DeleteConfirmationDialog
[ERROR] /C:/Users/MSI/IdeaProjects/fintrack-gestion-documents/src/main/java/Controllers/Dialogs/DeleteConfirmationDialog.java:[56,85] cannot find symbol
  symbol:   variable DESTRUCTIVE
  location: class javafx.scene.control.ButtonBar.ButtonData
[ERROR] /C:/Users/MSI/IdeaProjects/fintrack-gestion-documents/src/main/java/Controllers/Dialogs/DeleteConfirmationDialog.java:[103,32] no suitable method found for font(java.lang.String,int,javafx.scene.text.FontWeight)
    method javafx.scene.text.Font.font(java.lang.String,javafx.scene.text.FontWeight,double) is not applicable
      (argument mismatch; int cannot be converted to javafx.scene.text.FontWeight)
    method javafx.scene.text.Font.font(java.lang.String,javafx.scene.text.FontPosture,double) is not applicable
      (argument mismatch; int cannot be converted to javafx.scene.text.FontPosture)
[ERROR] /C:/Users/MSI/IdeaProjects/fintrack-gestion-documents/src/main/java/Controllers/Dialogs/DeleteConfirmationDialog.java:[176,62] cannot find symbol
  symbol:   variable DESTRUCTIVE
  location: class javafx.scene.control.ButtonBar.ButtonData
[ERROR] /C:/Users/MSI/IdeaProjects/fintrack-gestion-documents/src/main/java/Controllers/DocumentCardListCell.java:[96,13] cannot find symbol
  symbol:   variable DeleteConfirmationDialog
  location: class Controllers.DocumentCardListCell
[ERROR] /C:/Users/MSI/IdeaProjects/fintrack-gestion-documents/src/main/java/Controllers/DocumentFolderListCell.java:[77,13] cannot find symbol
  symbol:   variable DeleteConfirmationDialog
  location: class Controllers.DocumentFolderListCell
[ERROR] /C:/Users/MSI/IdeaProjects/fintrack-gestion-documents/src/main/java/Controllers/DocumentListCell.java:[81,13] cannot find symbol
  symbol:   variable DeleteConfirmationDialog
  location: class Controllers.DocumentListCell
[ERROR] /C:/Users/MSI/IdeaProjects/fintrack-gestion-documents/src/main/java/Controllers/DossierListCell.java:[78,13] cannot find symbol
  symbol:   variable DeleteConfirmationDialog
  location: class Controllers.DossierListCell
[INFO] 9 errors 
[INFO] -------------------------------------------------------------
[INFO] ------------------------------------------------------------------------
[INFO] BUILD FAILURE
[INFO] ------------------------------------------------------------------------
[INFO] Total time:  2.235 s
[INFO] Finished at: 2026-02-15T19:51:24+01:00
[INFO] ------------------------------------------------------------------------
[ERROR] Failed to execute goal org.apache.maven.plugins:maven-compiler-plugin:3.13.0:compile (default-compile) on project fintrack-gestion-documents: Compilation failure: Compilation failure: 
[ERROR] /C:/Users/MSI/IdeaProjects/fintrack-gestion-documents/src/main/java/Controllers/CategorieListCell.java:[74,13] cannot find symbol
[ERROR]   symbol:   variable DeleteConfirmationDialog
[ERROR]   location: class Controllers.CategorieListCell
[ERROR] /C:/Users/MSI/IdeaProjects/fintrack-gestion-documents/src/main/java/Controllers/Dialogs/DeleteConfirmationDialog.java:[22,24] cannot find symbol
[ERROR]   symbol:   variable auto
[ERROR]   location: class Controllers.Dialogs.DeleteConfirmationDialog
[ERROR] /C:/Users/MSI/IdeaProjects/fintrack-gestion-documents/src/main/java/Controllers/Dialogs/DeleteConfirmationDialog.java:[56,85] cannot find symbol
[ERROR]   symbol:   variable DESTRUCTIVE
[ERROR]   location: class javafx.scene.control.ButtonBar.ButtonData
[ERROR] /C:/Users/MSI/IdeaProjects/fintrack-gestion-documents/src/main/java/Controllers/Dialogs/DeleteConfirmationDialog.java:[103,32] no suitable method found for font(java.lang.String,int,javafx.scene.text.FontWeight)
[ERROR]     method javafx.scene.text.Font.font(java.lang.String,javafx.scene.text.FontWeight,double) is not applicable
[ERROR]       (argument mismatch; int cannot be converted to javafx.scene.text.FontWeight)
[ERROR]     method javafx.scene.text.Font.font(java.lang.String,javafx.scene.text.FontPosture,double) is not applicable
[ERROR]       (argument mismatch; int cannot be converted to javafx.scene.text.FontPosture)
[ERROR] /C:/Users/MSI/IdeaProjects/fintrack-gestion-documents/src/main/java/Controllers/Dialogs/DeleteConfirmationDialog.java:[176,62] cannot find symbol
[ERROR]   symbol:   variable DESTRUCTIVE
[ERROR]   location: class javafx.scene.control.ButtonBar.ButtonData
[ERROR] /C:/Users/MSI/IdeaProjects/fintrack-gestion-documents/src/main/java/Controllers/DocumentCardListCell.java:[96,13] cannot find symbol
[ERROR]   symbol:   variable DeleteConfirmationDialog
[ERROR]   location: class Controllers.DocumentCardListCell
[ERROR] /C:/Users/MSI/IdeaProjects/fintrack-gestion-documents/src/main/java/Controllers/DocumentFolderListCell.java:[77,13] cannot find symbol
[ERROR]   symbol:   variable DeleteConfirmationDialog
[ERROR]   location: class Controllers.DocumentFolderListCell
[ERROR] /C:/Users/MSI/IdeaProjects/fintrack-gestion-documents/src/main/java/Controllers/DocumentListCell.java:[81,13] cannot find symbol
[ERROR]   symbol:   variable DeleteConfirmationDialog
[ERROR]   location: class Controllers.DocumentListCell
[ERROR] /C:/Users/MSI/IdeaProjects/fintrack-gestion-documents/src/main/java/Controllers/DossierListCell.java:[78,13] cannot find symbol
[ERROR]   symbol:   variable DeleteConfirmationDialog
[ERROR]   location: class Controllers.DossierListCell
[ERROR] -> [Help 1]
[ERROR] 
[ERROR] To see the full stack trace of the errors, re-run Maven with the -e switch.
[ERROR] Re-run Maven using the -X switch to enable full debug logging.
[ERROR] 
[ERROR] For more information about the errors and possible solutions, please read the following articles:
[ERROR] [Help 1] http://cwiki.apache.org/confluence/display/MAVEN/MojoFailureException
