[INFO] Scanning for projects...
[INFO] 
[INFO] --------------< com.fintrack:fintrack-gestion-documents >---------------
[INFO] Building FinTrack - Gestion Documents 1.0.0
[INFO]   from pom.xml
[INFO] --------------------------------[ jar ]---------------------------------
[WARNING] 6 problems were encountered while building the effective model for org.openjfx:javafx-controls:jar:21.0.2 during dependency collection step for project (use -X to see details)
[INFO] 
[INFO] --- clean:3.2.0:clean (default-clean) @ fintrack-gestion-documents ---
[INFO] Deleting C:\Users\MSI\IdeaProjects\fintrack-gestion-documents\target
[INFO] 
[INFO] --- resources:3.3.1:resources (default-resources) @ fintrack-gestion-documents ---
[INFO] Copying 12 resources from src\main\resources to target\classes
[INFO] 
[INFO] --- compiler:3.13.0:compile (default-compile) @ fintrack-gestion-documents ---
[INFO] Recompiling the module because of changed source code.
[INFO] Compiling 25 source files with javac [debug target 17] to target\classes
[WARNING] location of system modules is not set in conjunction with -source 17
  not setting the location of system modules may lead to class files that cannot run on JDK 17
    --release 17 is recommended instead of -source 17 -target 17 because it sets the location of system modules automatically
[INFO] ------------------------------------------------------------------------
[INFO] BUILD SUCCESS
[INFO] ------------------------------------------------------------------------
[INFO] Total time:  2.445 s
[INFO] Finished at: 2026-02-15T19:57:03+01:00
[INFO] ------------------------------------------------------------------------
